// Jest Snapshot v1, https://goo.gl/fbAQLP

exports[`Ascii Number  should containts ten values 1`] = `
Object {
  "0": Array [
    " _ ",
    "| |",
    "|_|",
  ],
  "1": Array [
    "   ",
    "  |",
    "  |",
  ],
  "2": Array [
    " _ ",
    " _|",
    "|_ ",
  ],
  "3": Array [
    " _ ",
    " _|",
    " _|",
  ],
  "4": Array [
    "   ",
    "|_|",
    "  |",
  ],
  "5": Array [
    " _ ",
    "|_ ",
    " _|",
  ],
  "6": Array [
    " _ ",
    "|_ ",
    "|_|",
  ],
  "7": Array [
    " _ ",
    "  |",
    "  |",
  ],
  "8": Array [
    " _ ",
    "|_|",
    "|_|",
  ],
  "9": Array [
    " _ ",
    "|_|",
    "  |",
  ],
}
`;
